{
    "samplesheet": {
        "content": [
            "samplesheet.valid.csv:md5,3d40bf3d424290cec0dbe9ee95b7dd12"
        ],
        "timestamp": "2023-05-08T19:50:27+0000"
    },
    "software_versions": {
        "content": [
            "software_versions.yml:md5,1f0da09b373182170f652b0dca969691"
        ],
        "timestamp": "2023-05-08T19:50:27+0000"
    },
    "star_salmon": {
        "content": [
            "salmon_tx2gene.tsv:md5,b367acfc4b7df7fb68fb1b1d2956e27e"
        ],
        "timestamp": "2023-05-08T19:50:27+0000"
    },
    "salmon": {
        "content": [
            "salmon_tx2gene.tsv:md5,b367acfc4b7df7fb68fb1b1d2956e27e"
        ],
        "timestamp": "2023-05-08T19:50:27+0000"
    },
    "star_salmon/rseqc/": {
        "content": [
            "RAP1_IAA_30M_REP1.bam_stat.txt:md5,b882e444c89be4ceed80e29865166b1a",
            "RAP1_UNINDUCED_REP1.bam_stat.txt:md5,d00442929f8a18945d4597167fe3bb6d",
            "RAP1_UNINDUCED_REP2.bam_stat.txt:md5,447c12933610cb3e0aeb4560906332c6",
            "WT_REP1.bam_stat.txt:md5,85d14e5c3943407e636186424fd766cb",
            "WT_REP2.bam_stat.txt:md5,12ae5d98f3e5cf7b3a70eed45f12cbe2",
            "RAP1_IAA_30M_REP1.infer_experiment.txt:md5,169d25b95c008bebe9ce886fea6a4e33",
            "RAP1_UNINDUCED_REP1.infer_experiment.txt:md5,2ca0ce0fd3204bd2cc4812c4655b1f1f",
            "RAP1_UNINDUCED_REP2.infer_experiment.txt:md5,7d5705880188f9beab1939e08d6b8f40",
            "WT_REP1.infer_experiment.txt:md5,bf0c137f5fca06e7c40e1984a1acb06d",
            "WT_REP2.infer_experiment.txt:md5,82e23b329ee60709f343bc2d17d43b14",
            "RAP1_IAA_30M_REP1.junction.bed:md5,abc741dcce71900d4145f3aaf3bd9c64",
            "RAP1_UNINDUCED_REP1.junction.bed:md5,ce6b9b387adbad82a9bf798d07e65b15",
            "RAP1_UNINDUCED_REP2.junction.bed:md5,112233f4d8b6c929e1b7d5ef74556436",
            "WT_REP1.junction.bed:md5,a0082fba0e4222d41fc5e5c6ba6db453",
            "WT_REP2.junction.bed:md5,0b01bf3d08378094bc063f123ed201d4",
            "RAP1_IAA_30M_REP1.junction_annotation.log:md5,0c83bfd72c550d18a389ffebfb7549fc",
            "WT_REP1.junction_annotation.log:md5,93ff20da87153de88c5686588330abd2",
            "WT_REP2.junction_annotation.log:md5,1b95af725477bbe771ed4e7b7d693729",
            "RAP1_IAA_30M_REP1.DupRate_plot.r:md5,0505b253ebe3a21cb06a04a08c9313dd",
            "RAP1_UNINDUCED_REP1.DupRate_plot.r:md5,630db79b02077966911b521a1894e1e1",
            "RAP1_UNINDUCED_REP2.DupRate_plot.r:md5,4c7cbbb403a09b1056591772867977bd",
            "WT_REP1.DupRate_plot.r:md5,99e3eac32a2a2b508501c35c1cccd2bc",
            "WT_REP2.DupRate_plot.r:md5,c61f96c3761940feed3f60950ef8ac84"
        ],
        "timestamp": "2023-05-08T19:50:27+0000"
    },
    "multiqc": {
        "content": [
            "junction_saturation_known.txt:md5,7fb002deec1752d8e2065b693624191c",
            "junction_saturation_novel.txt:md5,7fb002deec1752d8e2065b693624191c",
            "multiqc_fail_strand_check_table.txt:md5,7797d69bfc52161c55e12f29e1bf51b4",
            "multiqc_fastqc.txt:md5,68bdc9b37911a79484e0333e82679fa3"
        ],
        "timestamp": "2023-05-08T19:50:27+0000"
    },
    "star_salmon/deseq2_qc/": {
        "content": [
            "R_sessionInfo.log:md5,fb0da0d7ad6994ed66a8e68348b19676"
        ],
        "timestamp": "2023-05-08T19:50:27+0000"
    }
}