{
    "genome": {
        "content": [
            "genes.gtf:md5,f248c3bd0ed7d362da273417237da3b3",
            "genome_gfp.bed:md5,991993ebef1def1d5823632c21177ec3",
            "genome_gfp.fasta:md5,e23e302af63736a199985a169fdac055",
            "genome_gfp.fasta.fai:md5,8fa54c6bd2ea6a369efbb8ab4f30156a",
            "genome_gfp.fasta.sizes:md5,9b755f8f349b14accefb4d859f84de26",
            "genome_gfp.gtf:md5,9da10ce47264696420e2427f7a593ed9",
            "gfp.fa:md5,86d79ea5bd4a204d7108277dfd94824f"
        ],
        "timestamp": "2023-05-08T19:39:48+0000"
    },
    "samplesheet": {
        "content": [
            "samplesheet.valid.csv:md5,3d40bf3d424290cec0dbe9ee95b7dd12"
        ],
        "timestamp": "2023-05-08T19:39:48+0000"
    },
    "software_versions": {
        "content": [
            "software_versions.yml:md5,1dacbb94b6df6b5e05448e60967d828e"
        ],
        "timestamp": "2023-05-08T19:39:48+0000"
    },
    "star_salmon": {
        "content": [
            "salmon_tx2gene.tsv:md5,b367acfc4b7df7fb68fb1b1d2956e27e"
        ],
        "timestamp": "2023-05-08T19:39:48+0000"
    },
    "salmon": {
        "content": [
            "salmon_tx2gene.tsv:md5,b367acfc4b7df7fb68fb1b1d2956e27e"
        ],
        "timestamp": "2023-05-08T19:39:48+0000"
    },
    "multiqc": {
        "content": [
            "junction_saturation_known.txt:md5,7fb002deec1752d8e2065b693624191c",
            "junction_saturation_novel.txt:md5,7fb002deec1752d8e2065b693624191c",
            "multiqc_fail_strand_check_table.txt:md5,7797d69bfc52161c55e12f29e1bf51b4",
            "multiqc_fastqc.txt:md5,68bdc9b37911a79484e0333e82679fa3"
        ],
        "timestamp": "2023-05-08T19:39:48+0000"
    },
    "star_salmon/deseq2_qc/": {
        "content": [
            "R_sessionInfo.log:md5,fb0da0d7ad6994ed66a8e68348b19676"
        ],
        "timestamp": "2023-05-08T19:39:48+0000"
    }
}