{
    "samplesheet": {
        "content": [
            "samplesheet.valid.csv:md5,3d40bf3d424290cec0dbe9ee95b7dd12"
        ],
        "timestamp": "2023-05-08T20:12:07+0000"
    },
    "software_versions": {
        "content": [
            "software_versions.yml:md5,266e759d921bdca8b665d8dc35a408c9"
        ],
        "timestamp": "2023-05-08T20:12:07+0000"
    },
    "star_salmon": {
        "content": [
            "salmon_tx2gene.tsv:md5,b367acfc4b7df7fb68fb1b1d2956e27e"
        ],
        "timestamp": "2023-05-08T20:12:07+0000"
    },
    "salmon": {
        "content": [
            "salmon_tx2gene.tsv:md5,b367acfc4b7df7fb68fb1b1d2956e27e"
        ],
        "timestamp": "2023-05-08T20:12:07+0000"
    },
    "multiqc": {
        "content": [
            "junction_saturation_known.txt:md5,7fb002deec1752d8e2065b693624191c",
            "junction_saturation_novel.txt:md5,7fb002deec1752d8e2065b693624191c",
            "multiqc_fail_strand_check_table.txt:md5,6aec072aa6e5f83139bfc13b829e035c",
            "multiqc_fastqc.txt:md5,68bdc9b37911a79484e0333e82679fa3"
        ],
        "timestamp": "2023-05-08T20:12:07+0000"
    },
    "star_salmon/deseq2_qc/": {
        "content": [
            "R_sessionInfo.log:md5,fb0da0d7ad6994ed66a8e68348b19676"
        ],
        "timestamp": "2023-05-08T20:12:07+0000"
    },
    "fastp": {
        "content": [
            "RAP1_IAA_30M_REP1.fastp.json:md5,ae456b69778addc6703d97d5b71a41c2",
            "RAP1_UNINDUCED_REP1.fastp.json:md5,7efed80025c48cb8278613884a572ca6",
            "RAP1_UNINDUCED_REP2.fastp.json:md5,267d6441c0bb257797d1b56808d88f7d",
            "WT_REP1.fastp.json:md5,dcc63871de44796c2be69c2b4ab41b2f",
            "WT_REP2.fastp.json:md5,d5d6dcccbb39ed923b97c4c3f4c06d69"
        ],
        "timestamp": "2023-05-08T20:12:07+0000"
    }
}