{
    "se_versions": {
        "content": [
            [
                "versions.yml:md5,ceb638f44ebdaf09ba1f5c5c409585e2"
            ]
        ],
        "timestamp": "2023-10-16T15:14:50.269895296"
    },
    "se_no_ss_summary": {
        "content": [
            [
                [
                    {
                        "id": "test",
                        "single_end": true
                    },
                    "test.hisat2.summary.log:md5,7b8a9e61b7646da1089b041333c41a87"
                ]
            ]
        ],
        "timestamp": "2023-10-16T15:15:22.897386626"
    },
    "pe_no_ss_versions": {
        "content": [
            [
                "versions.yml:md5,ceb638f44ebdaf09ba1f5c5c409585e2"
            ]
        ],
        "timestamp": "2023-10-16T15:15:42.583699978"
    },
    "se_no_ss_versions": {
        "content": [
            [
                "versions.yml:md5,ceb638f44ebdaf09ba1f5c5c409585e2"
            ]
        ],
        "timestamp": "2023-10-16T15:15:22.909407356"
    },
    "pe_no_ss_summary": {
        "content": [
            [
                [
                    {
                        "id": "test",
                        "single_end": false
                    },
                    "test.hisat2.summary.log:md5,9839b31db795958cc4b70711a3414e9c"
                ]
            ]
        ],
        "timestamp": "2023-10-16T15:15:42.569775538"
    },
    "pe_no_ss_fastq": {
        "content": [
            [
                
            ]
        ],
        "timestamp": "2023-10-16T15:15:42.576881608"
    },
    "se_summary": {
        "content": [
            [
                [
                    {
                        "id": "test",
                        "single_end": true
                    },
                    "test.hisat2.summary.log:md5,7b8a9e61b7646da1089b041333c41a87"
                ]
            ]
        ],
        "timestamp": "2023-10-16T15:14:50.252466896"
    },
    "pe_summary": {
        "content": [
            [
                [
                    {
                        "id": "test",
                        "single_end": false
                    },
                    "test.hisat2.summary.log:md5,9839b31db795958cc4b70711a3414e9c"
                ]
            ]
        ],
        "timestamp": "2023-10-16T15:15:09.881690889"
    },
    "pe_fastq": {
        "content": [
            [
                
            ]
        ],
        "timestamp": "2023-10-16T15:15:09.888696129"
    },
    "se_no_ss_fastq": {
        "content": [
            [
                
            ]
        ],
        "timestamp": "2023-10-16T15:15:22.904010016"
    },
    "se_fastq": {
        "content": [
            [
                
            ]
        ],
        "timestamp": "2023-10-16T15:14:50.264366105"
    },
    "pe_versions": {
        "content": [
            [
                "versions.yml:md5,ceb638f44ebdaf09ba1f5c5c409585e2"
            ]
        ],
        "timestamp": "2023-10-16T15:15:09.894683308"
    }
}