{
    "Should run without failures": {
        "content": [
            [
                "versions.yml:md5,eeea7231fe197810659b8bad4133aff2"
            ]
        ],
        "timestamp": "2024-01-18T20:56:30.71763"
    }
}