{
    "pos_xls": {
        "content": [
            [
                [
                    {
                        "id": "test",
                        "single_end": false
                    },
                    "test.pos.DupRate.xls:md5,a859bc2031d46bf1cc4336205847caa3"
                ]
            ]
        ],
        "timestamp": "2023-11-24T00:52:45.27809706"
    },
    "rscript": {
        "content": [
            [
                [
                    {
                        "id": "test",
                        "single_end": false
                    },
                    "test.DupRate_plot.r:md5,3c0325095cee4835b921e57d61c23dca"
                ]
            ]
        ],
        "timestamp": "2023-11-24T00:52:45.285457599"
    },
    "pdf": {
        "content": [
            "test.DupRate_plot.pdf"
        ],
        "timestamp": "2023-11-24T00:52:45.304152477"
    },
    "seq_xls": {
        "content": [
            [
                [
                    {
                        "id": "test",
                        "single_end": false
                    },
                    "test.seq.DupRate.xls:md5,ee8783399eec5a18522a6f08bece338b"
                ]
            ]
        ],
        "timestamp": "2023-11-24T00:52:45.262656562"
    },
    "versions": {
        "content": [
            [
                "versions.yml:md5,8a0721f3247f97135eadb8eecbe142a1"
            ]
        ],
        "timestamp": "2023-12-14T17:23:41.82098803"
    }
}