{
    "sarscov2 paired-end [bam]": {
        "content": [
            {
                "0": [
                    [
                        {
                            "id": "test",
                            "single_end": false
                        },
                        "test.paired_end.sorted.summary.txt:md5,9d98447e178b89a89f6f5aba7a772fe6"
                    ]
                ],
                "1": [
                    [
                        {
                            "id": "test",
                            "single_end": false
                        },
                        "test.paired_end.sorted.tin.xls:md5,abdbb6d51a5cd7038cd862ce241ecef1"
                    ]
                ],
                "2": [
                    "versions.yml:md5,79670dedaa11a978951c16ead7f49c24"
                ],
                "txt": [
                    [
                        {
                            "id": "test",
                            "single_end": false
                        },
                        "test.paired_end.sorted.summary.txt:md5,9d98447e178b89a89f6f5aba7a772fe6"
                    ]
                ],
                "versions": [
                    "versions.yml:md5,79670dedaa11a978951c16ead7f49c24"
                ],
                "xls": [
                    [
                        {
                            "id": "test",
                            "single_end": false
                        },
                        "test.paired_end.sorted.tin.xls:md5,abdbb6d51a5cd7038cd862ce241ecef1"
                    ]
                ]
            }
        ],
        "meta": {
            "nf-test": "0.8.4",
            "nextflow": "23.10.1"
        },
        "timestamp": "2024-02-07T14:23:09.039471"
    }
}