{
    "gene_log_multi_matrix_rowdata_coldataa_stub": {
        "content": [
            [
                [
                    {
                        "id": "test"
                    },
                    "test.R_sessionInfo.log:md5,d41d8cd98f00b204e9800998ecf8427e"
                ]
            ]
        ],
        "meta": {
            "nf-test": "0.8.4",
            "nextflow": "23.10.1"
        },
        "timestamp": "2024-02-09T13:57:39.545403663"
    },
    "gene_log_single_matrix_stub": {
        "content": [
            [
                [
                    {
                        "id": "test"
                    },
                    "test.R_sessionInfo.log:md5,d41d8cd98f00b204e9800998ecf8427e"
                ]
            ]
        ],
        "meta": {
            "nf-test": "0.8.4",
            "nextflow": "23.10.1"
        },
        "timestamp": "2024-02-09T13:58:23.258210775"
    },
    "versions_single_matrix": {
        "content": [
            [
                "versions.yml:md5,1fdcee094bb7ec091b4e445b933d0db3"
            ]
        ],
        "meta": {
            "nf-test": "0.8.4",
            "nextflow": "23.10.1"
        },
        "timestamp": "2024-02-09T14:03:08.335086603"
    },
    "gene_log_multi_matrix_rowdata_stub": {
        "content": [
            [
                [
                    {
                        "id": "test"
                    },
                    "test.R_sessionInfo.log:md5,d41d8cd98f00b204e9800998ecf8427e"
                ]
            ]
        ],
        "meta": {
            "nf-test": "0.8.4",
            "nextflow": "23.10.1"
        },
        "timestamp": "2024-02-09T13:57:52.234643863"
    },
    "gene_log_multi_matrix_rowdata": {
        "content": "7c35131fdd46dcdba6c71f7f11d5b2c7",
        "meta": {
            "nf-test": "0.8.4",
            "nextflow": "23.10.1"
        },
        "timestamp": "2024-02-09T14:02:24.430008757"
    },
    "versions_multi_matrix_rowdata_stub": {
        "content": [
            [
                "versions.yml:md5,290f4dc3e123c9468040095de6ffe2e2"
            ]
        ],
        "meta": {
            "nf-test": "0.8.4",
            "nextflow": "23.10.1"
        },
        "timestamp": "2024-02-09T13:57:52.239867923"
    },
    "versions_multi_matrix_stub": {
        "content": [
            [
                "versions.yml:md5,290f4dc3e123c9468040095de6ffe2e2"
            ]
        ],
        "meta": {
            "nf-test": "0.8.4",
            "nextflow": "23.10.1"
        },
        "timestamp": "2024-02-09T13:58:07.911717413"
    },
    "versions_multi_matrix_rowdata_coldata_stub": {
        "content": [
            [
                "versions.yml:md5,290f4dc3e123c9468040095de6ffe2e2"
            ]
        ],
        "meta": {
            "nf-test": "0.8.4",
            "nextflow": "23.10.1"
        },
        "timestamp": "2024-02-09T13:57:39.554437332"
    },
    "gene_log_multi_matrix": {
        "content": "7c35131fdd46dcdba6c71f7f11d5b2c7",
        "meta": {
            "nf-test": "0.8.4",
            "nextflow": "23.10.1"
        },
        "timestamp": "2024-02-09T14:02:46.367962336"
    },
    "gene_log_multi_matrix_stub": {
        "content": [
            [
                [
                    {
                        "id": "test"
                    },
                    "test.R_sessionInfo.log:md5,d41d8cd98f00b204e9800998ecf8427e"
                ]
            ]
        ],
        "meta": {
            "nf-test": "0.8.4",
            "nextflow": "23.10.1"
        },
        "timestamp": "2024-02-09T13:58:07.904228634"
    },
    "gene_log_single_matrix": {
        "content": "7c35131fdd46dcdba6c71f7f11d5b2c7",
        "meta": {
            "nf-test": "0.8.4",
            "nextflow": "23.10.1"
        },
        "timestamp": "2024-02-09T14:03:08.330328893"
    },
    "versions_single_matrix_stub": {
        "content": [
            [
                "versions.yml:md5,290f4dc3e123c9468040095de6ffe2e2"
            ]
        ],
        "meta": {
            "nf-test": "0.8.4",
            "nextflow": "23.10.1"
        },
        "timestamp": "2024-02-09T13:58:23.263373495"
    },
    "versions_multi_matrix_rowdata": {
        "content": [
            [
                "versions.yml:md5,1fdcee094bb7ec091b4e445b933d0db3"
            ]
        ],
        "meta": {
            "nf-test": "0.8.4",
            "nextflow": "23.10.1"
        },
        "timestamp": "2024-02-09T14:02:24.434806727"
    },
    "gene_log_multi_matrix_rowdata_coldata": {
        "content": "7c35131fdd46dcdba6c71f7f11d5b2c7",
        "meta": {
            "nf-test": "0.8.4",
            "nextflow": "23.10.1"
        },
        "timestamp": "2024-02-09T14:02:01.244907114"
    },
    "versions_multi_matrix": {
        "content": [
            [
                "versions.yml:md5,1fdcee094bb7ec091b4e445b933d0db3"
            ]
        ],
        "meta": {
            "nf-test": "0.8.4",
            "nextflow": "23.10.1"
        },
        "timestamp": "2024-02-09T14:02:46.374127565"
    },
    "versions_multi_matrix_rowdata_coldata": {
        "content": [
            [
                "versions.yml:md5,1fdcee094bb7ec091b4e445b933d0db3"
            ]
        ],
        "meta": {
            "nf-test": "0.8.4",
            "nextflow": "23.10.1"
        },
        "timestamp": "2024-02-09T14:02:01.257461683"
    }
}