{
    "samplesheet": {
        "content": [
            "samplesheet.valid.csv:md5,3d40bf3d424290cec0dbe9ee95b7dd12"
        ],
        "timestamp": "2023-05-08T18:31:28+0000"
    },
    "software_versions": {
        "content": [
            "software_versions.yml:md5,3ef1180b059398ea06240e301111ff4d"
        ],
        "timestamp": "2023-05-08T18:31:28+0000"
    },
    "salmon": {
        "content": [
            "salmon_tx2gene.tsv:md5,b367acfc4b7df7fb68fb1b1d2956e27e"
        ],
        "timestamp": "2023-05-08T18:31:28+0000"
    },
    "multiqc": {
        "content": [
            "multiqc_cutadapt.txt:md5,aac9581a5670cb55edf564f3d6c1f9a7",
            "multiqc_fastqc.txt:md5,e3ebd5c2676bebb3c0176c4e985f3580",
            "multiqc_picard_dups.txt:md5,71d5bafee1a4916951349018f387f7a0",
            "picard_histogram.txt:md5,c9aa8a5ac6841ffb3a6cc2de45b44797"
        ],
        "timestamp": "2023-05-08T18:31:28+0000"
    }
}