{
    "rscript": {
        "content": [
            [
                [
                    {
                        "id": "test",
                        "single_end": false
                    },
                    "test.junctionSaturation_plot.r:md5,caa6e63dcb477aabb169882b2f30dadd"
                ]
            ]
        ],
        "timestamp": "2023-11-24T00:15:43.655261555"
    },
    "pdf": {
        "content": [
            "test.junctionSaturation_plot.pdf"
        ],
        "timestamp": "2023-11-24T00:15:43.682673802"
    },
    "versions": {
        "content": [
            [
                "versions.yml:md5,cd4638541a825dbd44e3cb65d2980aa1"
            ]
        ],
        "timestamp": "2023-12-14T14:59:00.979242265"
    }
}