{
    "bam_stub_bam": {
        "content": [
            "test.sorted.bam"
        ],
        "meta": {
            "nf-test": "0.8.4",
            "nextflow": "23.04.3"
        },
        "timestamp": "2024-02-12T19:21:04.364044"
    },
    "bam_stub_versions": {
        "content": [
            [
                "versions.yml:md5,e6d43fefc9a8bff91c2ce6e3a1716eca"
            ]
        ],
        "meta": {
            "nf-test": "0.8.4",
            "nextflow": "24.01.0"
        },
        "timestamp": "2024-02-13T16:15:00.20800281"
    },
    "bam": {
        "content": [
            {
                "0": [
                    [
                        {
                            "id": "test",
                            "single_end": false
                        },
                        "test.sorted.bam:md5,c6ea1346ec4aae007eb40b708935088c"
                    ]
                ],
                "1": [
                    
                ],
                "2": [
                    "versions.yml:md5,e6d43fefc9a8bff91c2ce6e3a1716eca"
                ],
                "bam": [
                    [
                        {
                            "id": "test",
                            "single_end": false
                        },
                        "test.sorted.bam:md5,c6ea1346ec4aae007eb40b708935088c"
                    ]
                ],
                "csi": [
                    
                ],
                "versions": [
                    "versions.yml:md5,e6d43fefc9a8bff91c2ce6e3a1716eca"
                ]
            }
        ],
        "meta": {
            "nf-test": "0.8.4",
            "nextflow": "24.01.0"
        },
        "timestamp": "2024-02-13T16:14:52.736359271"
    }
}