{
    "versions": {
        "content": [
            [
                "versions.yml:md5,568d243174c081a0301e74ed42e59b48"
            ]
        ],
        "meta": {
            "nf-test": "0.8.4",
            "nextflow": "23.10.1"
        },
        "timestamp": "2024-02-16T10:01:33.326046137"
    }
}