{
    "samplesheet": {
        "content": [
            "samplesheet.valid.csv:md5,3d40bf3d424290cec0dbe9ee95b7dd12"
        ],
        "timestamp": "2023-05-08T18:09:32+0000"
    },
    "software_versions": {
        "content": [
            "software_versions.yml:md5,017fc93865d2c889c721268e6e0f6e32"
        ],
        "timestamp": "2023-05-08T18:09:32+0000"
    },
    "salmon": {
        "content": [
            "salmon_tx2gene.tsv:md5,b367acfc4b7df7fb68fb1b1d2956e27e"
        ],
        "timestamp": "2023-05-08T18:09:32+0000"
    },
    "bbsplit": {
        "content": [
            "RAP1_IAA_30M_REP1.stats.txt:md5,a87292c6f7166096166a9015c2e63dac",
            "RAP1_UNINDUCED_REP1.stats.txt:md5,781e49024150a8313779c574b58ad035",
            "RAP1_UNINDUCED_REP2.stats.txt:md5,e455d0163bf2d988224b0c0092605213",
            "WT_REP1.stats.txt:md5,6eab6936804c1157d5e1c61c0562d7de"
        ],
        "timestamp": "2023-05-08T18:09:32+0000"
    },
    "multiqc": {
        "content": [
            "multiqc_cutadapt.txt:md5,aac9581a5670cb55edf564f3d6c1f9a7",
            "multiqc_fastqc.txt:md5,e3ebd5c2676bebb3c0176c4e985f3580"
        ],
        "timestamp": "2023-05-08T18:09:32+0000"
    }
}