{
    "sarscov2 - [[meta] - bam] - bed": {
        "content": [
            {
                "0": [
                    [
                        {
                            "id": "test"
                        },
                        "test.infer_experiment.txt:md5,f9d0bfc239df637cd8aeda40ade3c59a"
                    ]
                ],
                "1": [
                    "versions.yml:md5,f56ba5c6208ae720dd730f3a432e3ba7"
                ],
                "txt": [
                    [
                        {
                            "id": "test"
                        },
                        "test.infer_experiment.txt:md5,f9d0bfc239df637cd8aeda40ade3c59a"
                    ]
                ],
                "versions": [
                    "versions.yml:md5,f56ba5c6208ae720dd730f3a432e3ba7"
                ]
            }
        ],
        "timestamp": "2023-12-14T17:25:08.399005243"
    }
}